<dataset>
    <shop id="1" name="apple" price="100" />
</dataset>